// Jest Snapshot v1, https://goo.gl/fbAQLP

exports[`Login.vue renders properly 1`] = `
<div class="login">
  <h3>Sign In</h3> <input type="text" placeholder="Email"> <br> <input type="password" placeholder="Password"> <br> <button>Connection</button>
  <p>
    You don't have an account ? You can
    <router-link to="/sign-up">create one</router-link>
  </p>
</div>
`;
